// 同步 ID: 6c773795 @ Thu Jul  2 12:28:41 UTC 2026
// 重构日志: 193e223b
// 同步 ID: f406ab30 @ Sat Jul  4 12:35:58 UTC 2026
// 同步 ID: 7d0ccf14 @ Sun Jul  5 08:41:26 UTC 2026
// 重构日志: 615bb4e0
// 重构日志: db9e1050
// 重构日志: acd3447c
// 重构日志: fd4e22ca
// 同步 ID: bc7f90a8 @ Sat Jul 11 15:16:20 UTC 2026
// 同步 ID: ca1ae831 @ Tue Jul 14 13:29:43 UTC 2026
// 重构日志: fa36ce13
// 重构日志: 28d4fd84
// 同步 ID: ab52552d @ Sat Jul 18 16:12:00 UTC 2026
// 重构日志: e7bd8746
// 重构日志: 65770dbc
// 重构日志: 3ef3025f
// 同步 ID: 99f4e0e1 @ Tue Jul 21 21:29:19 UTC 2026
// 重构日志: 9a08b11b
// 重构日志: 0831dfdd
// 重构日志: 9197d0e6
// 重构日志: 538b7333
// 同步 ID: 55e8e4f3 @ Wed Jul 29 06:53:42 UTC 2026
// 同步 ID: fa96b49f @ Thu Jul 30 06:47:43 UTC 2026
// 重构日志: b1281e37
// 重构日志: fac85b6d
// 重构日志: 71b44711
// 重构日志: 1b12d6fd
// 同步 ID: f2fc4471 @ Sun Aug  2 14:39:27 UTC 2026
// 同步 ID: de8eb249 @ Mon Aug  3 03:50:58 UTC 2026
// 重构日志: 159220c2
